Opening log file:  /tmp/java.log.60187

                            < M A T L A B (R) >
                  Copyright 1984-2020 The MathWorks, Inc.
                  R2020a (9.8.0.1323502) 64-bit (glnxa64)
                             February 25, 2020

 
To get started, type doc.
For product information, visit www.mathworks.com.
 
Iteration: 1/100
Starting parallel pool (parpool) using the 'local' profile ...
Connected to the parallel pool (number of workers: 12).
Iteration: 2/100
Iteration: 3/100
Iteration: 4/100
Iteration: 5/100
Iteration: 6/100
Iteration: 7/100
Iteration: 8/100
Iteration: 9/100
Iteration: 10/100
Iteration: 11/100
Iteration: 12/100
Iteration: 13/100
Iteration: 14/100
Iteration: 15/100
Iteration: 16/100
Iteration: 17/100
Iteration: 18/100
Iteration: 19/100
Iteration: 20/100
Iteration: 21/100
Iteration: 22/100
srun: Job step aborted: Waiting up to 62 seconds for job step to finish.
slurmstepd: error: *** JOB 39629771 ON gra1230 CANCELLED AT 2020-10-19T21:13:52 ***
slurmstepd: error: *** STEP 39629771.0 ON gra1230 CANCELLED AT 2020-10-19T21:13:52 ***
