Opening log file:  /tmp/java.log.36601

                            < M A T L A B (R) >
                  Copyright 1984-2020 The MathWorks, Inc.
                  R2020a (9.8.0.1323502) 64-bit (glnxa64)
                             February 25, 2020

 
To get started, type doc.
For product information, visit www.mathworks.com.
 
Iteration: 1/100
Starting parallel pool (parpool) using the 'local' profile ...
Connected to the parallel pool (number of workers: 12).
Iteration: 2/100
Iteration: 3/100
Iteration: 4/100
Iteration: 5/100
Iteration: 6/100
Iteration: 7/100
Iteration: 8/100
Iteration: 9/100
Iteration: 10/100
Iteration: 11/100
Iteration: 12/100
Iteration: 13/100
Iteration: 14/100
Iteration: 15/100
srun: Job step aborted: Waiting up to 62 seconds for job step to finish.
slurmstepd: error: *** JOB 39615153 ON gra1259 CANCELLED AT 2020-10-19T12:30:51 DUE TO TIME LIMIT ***
slurmstepd: error: *** STEP 39615153.0 ON gra1259 CANCELLED AT 2020-10-19T12:30:51 DUE TO TIME LIMIT ***
